
============================================================
👁️  MiniCPM-V 2.6 Vision Core テスト
============================================================

📦 依存パッケージテスト...
  ✅ PyTorch
  ✅ Transformers
  ✅ Accelerate
  ✅ BitsAndBytes
  ✅ Pillow

🎮 CUDA テスト...
  ✅ GPU: NVIDIA GeForce RTX 4060
  ✅ VRAM: 8.0 GB

📦 インポートテスト...
  ✅ vision_core インポート成功

🔗 API統合テスト...
  📌 USE_MINICPM = True
  ✅ MiniCPM-V モードで動作します

============================================================
📋 テスト結果サマリー
------------------------------------------------------------
  ✅ PASS - 依存パッケージ
  ✅ PASS - CUDA/GPU
  ✅ PASS - インポート
  ✅ PASS - API統合
------------------------------------------------------------
🎉 すべてのテストに合格しました！
============================================================

